#
# There is insufficient memory for the Java Runtime Environment to continue.
# Native memory allocation (mmap) failed to map 257949696 bytes for G1 virtual space
# Possible reasons:
#   The system is out of physical RAM or swap space
#   The process is running with CompressedOops enabled, and the Java Heap may be blocking the growth of the native heap
# Possible solutions:
#   Reduce memory load on the system
#   Increase physical memory or swap space
#   Check if swap backing store is full
#   Decrease Java heap size (-Xmx/-Xms)
#   Decrease number of Java threads
#   Decrease Java thread stack sizes (-Xss)
#   Set larger code cache with -XX:ReservedCodeCacheSize=
#   JVM is running with Zero Based Compressed Oops mode in which the Java heap is
#     placed in the first 32GB address space. The Java Heap base address is the
#     maximum limit for the native heap growth. Please use -XX:HeapBaseMinAddress
#     to set the Java Heap base and to place the Java Heap above 32GB virtual address.
# This output file may be truncated or incomplete.
#
#  Out of Memory Error (os_windows.cpp:3548), pid=225088, tid=225136
#
# JRE version:  (17.0.12+8) (build )
# Java VM: Java HotSpot(TM) 64-Bit Server VM (17.0.12+8-LTS-286, mixed mode, sharing, tiered, compressed oops, compressed class ptrs, g1 gc, windows-amd64)
# No core dump will be written. Minidumps are not enabled by default on client versions of Windows
#

---------------  S U M M A R Y ------------

Command Line: -Dclassworlds.conf=C:\Program Files\Apache\Maven\apache-maven-3.9.11-bin\apache-maven-3.9.11\bin\m2.conf -Dmaven.home=C:\Program Files\Apache\Maven\apache-maven-3.9.11-bin\apache-maven-3.9.11 -Dlibrary.jansi.path=C:\Program Files\Apache\Maven\apache-maven-3.9.11-bin\apache-maven-3.9.11\lib\jansi-native -Dmaven.multiModuleProjectDirectory=D:\PI_fronteteljmeaa\loan-service org.codehaus.plexus.classworlds.launcher.Launcher -DskipTests package

Host: AMD Ryzen 7 7735HS with Radeon Graphics        , 16 cores, 15G,  Windows 11 , 64 bit Build 26100 (10.0.26100.8246)
Time: Tue May  5 21:44:36 2026 Paris, Madrid (heure duild 26100 (10.0.26100.8246) elapsed time: 2.066026 seconds (0d 0h 0m 2s)

---------------  T H R E A D  ---------------

Current thread (0x000002016e9baef0):  JavaThread "Unknown thread" [_thread_in_vm, id=225136, stack(0x0000001431d00000,0x0000001431e00000)]

Stack: [0x0000001431d00000,0x0000001431e00000]
Native frames: (J=compiled Java code, j=interpreted, Vv=VM code, C=native code)
V  [jvm.dll+0x67a04a]
V  [jvm.dll+0x7da4ed]
V  [jvm.dll+0x7dbe33]
V  [jvm.dll+0x7dc4a3]
V  [jvm.dll+0x24508f]
V  [jvm.dll+0x677089]
V  [jvm.dll+0x66bd32]
V  [jvm.dll+0x301fa6]
V  [jvm.dll+0x309546]
V  [jvm.dll+0x359d2e]
V  [jvm.dll+0x359f5f]
V  [jvm.dll+0x2d9078]
V  [jvm.dll+0x2d9fe4]
V  [jvm.dll+0x7aca21]
V  [jvm.dll+0x367591]
V  [jvm.dll+0x78b999]
V  [jvm.dll+0x3ec83f]
V  [jvm.dll+0x3ee471]
C  [jli.dll+0x5297]
C  [ucrtbase.dll+0x37b0]
C  [KERNEL32.DLL+0x2e8d7]
C  [ntdll.dll+0x8c3fc]


---------------  P R O C E S S  ---------------

Threads class SMR info:
_java_thread_list=0x00007ffb02117a18, length=0, elements={
}

Java Threads: ( => current thread )

Other Threads:
  0x000002016ea27c20 GCTaskThread "GC Thread#0" [stack: 0x0000001431e00000,0x0000001431f00000] [id=225140]
  0x000002016ea393c0 ConcurrentGCThread "G1 Main Marker" [stack: 0x0000001431f00000,0x0000001432000000] [id=225144]
  0x000002016ea39be0 ConcurrentGCThread "G1 Conc#0" [stack: 0x0000001432000000,0x0000001432100000] [id=225148]

[error occurred during error reporting (printing all threads), id 0xc0000005, EXCEPTION_ACCESS_VIOLATION (0xc0000005) at pc=0x00007ffb01949b67]

VM state: not at safepoint (not fully initialized)

VM Mutex/Monitor currently owned by a thread:  ([mutex/lock_event])
[0x000002016e9b8f70] Heap_lock - owner thread: 0x000002016e9baef0

Heap address: 0x000000070b000000, size: 3920 MB, Compressed Oops mode: Zero based, Oop shift amount: 3

CDS archive(s) mapped at: [0x0000000000000000-0x0000000000000000-0x0000000000000000), size 0, SharedBaseAddress: 0x0000000800000000, ArchiveRelocationMode: 1.
Narrow klass base: 0x0000000000000000, Narrow klass shift: 0, Narrow klass range: 0x0

GC Precious Log:
<Empty>

Heap:
 garbage-first heap   total 0K, used 0K [0x000000070b000000, 0x0000000800000000)
  region size 2048K, 0 young (0K), 0 survivors (0K)

[error occurred during error reporting (printing heap information), id 0xc0000005, EXCEPTION_ACCESS_VIOLATION (0xc0000005) at pc=0x00007ffb01d33859]

GC Heap History (0 events):
No events

Deoptimization events (0 events):
No events

Classes unloaded (0 events):
No events

Classes redefined (0 events):
No events

Internal exceptions (0 events):
No events

VM Operations (0 events):
No events

Events (1 events):
Event: 0.028 Loaded shared library C:\Program Files\Java\jdk-17\bin\java.dll


Dynamic libraries:
0x00007ff67c420000 - 0x00007ff67c430000 	C:\Program Files\Java\jdk-17\bin\java.exe
0x00007ffc91ec0000 - 0x00007ffc92127000 	C:\WINDOWS\SYSTEM32\ntdll.dll
0x00007ffc42940000 - 0x00007ffc42961000 	C:\Program Files\Avast Software\Avast\aswhook.dll
0x00007ffc8feb0000 - 0x00007ffc8ff79000 	C:\WINDOWS\System32\KERNEL32.DLL
0x00007ffc8ec60000 - 0x00007ffc8f054000 	C:\WINDOWS\System32\KERNELBASE.dll
0x00007ffc8fb00000 - 0x00007ffc8fc4b000 	C:\WINDOWS\System32\ucrtbase.dll
0x00007ffc86750000 - 0x00007ffc8676b000 	C:\Program Files\Java\jdk-17\bin\VCRUNTIME140.dll
0x00007ffc7dfc0000 - 0x00007ffc7dfd9000 	C:\Program Files\Java\jdk-17\bin\jli.dll
0x00007ffc90170000 - 0x00007ffc90226000 	C:\WINDOWS\System32\ADVAPI32.dll
0x00007ffc90000000 - 0x00007ffc900a9000 	C:\WINDOWS\System32\msvcrt.dll
0x00007ffc90fd0000 - 0x00007ffc91077000 	C:\WINDOWS\System32\sechost.dll
0x00007ffc91100000 - 0x00007ffc91218000 	C:\WINDOWS\System32\RPCRT4.dll
0x00007ffc91220000 - 0x00007ffc913e5000 	C:\WINDOWS\System32\USER32.dll
0x00007ffc8ea50000 - 0x00007ffc8ea77000 	C:\WINDOWS\System32\win32u.dll
0x00007ffc7a1e0000 - 0x00007ffc7a473000 	C:\WINDOWS\WinSxS\amd64_microsoft.windows.common-controls_6595b64144ccf1df_6.0.26100.8115_none_3e075c82e3354f9c\COMCTL32.dll
0x00007ffc910d0000 - 0x00007ffc910fb000 	C:\WINDOWS\System32\GDI32.dll
0x00007ffc8ea80000 - 0x00007ffc8ebab000 	C:\WINDOWS\System32\gdi32full.dll
0x00007ffc8ebb0000 - 0x00007ffc8ec53000 	C:\WINDOWS\System32\msvcp_win.dll
0x00007ffc88260000 - 0x00007ffc8826b000 	C:\WINDOWS\SYSTEM32\VERSION.dll
0x00007ffc90b00000 - 0x00007ffc90b32000 	C:\WINDOWS\System32\IMM32.DLL
0x00007ffc87530000 - 0x00007ffc8753c000 	C:\Program Files\Java\jdk-17\bin\vcruntime140_1.dll
0x00007ffbab960000 - 0x00007ffbab9ee000 	C:\Program Files\Java\jdk-17\bin\msvcp140.dll
0x00007ffb01660000 - 0x00007ffb02240000 	C:\Program Files\Java\jdk-17\bin\server\jvm.dll
0x00007ffc91d10000 - 0x00007ffc91d18000 	C:\WINDOWS\System32\PSAPI.DLL
0x00007ffc759b0000 - 0x00007ffc759ba000 	C:\WINDOWS\SYSTEM32\WSOCK32.dll
0x00007ffc83de0000 - 0x00007ffc83e16000 	C:\WINDOWS\SYSTEM32\WINMM.dll
0x00007ffc914f0000 - 0x00007ffc91570000 	C:\WINDOWS\System32\WS2_32.dll
0x00007ffc8d640000 - 0x00007ffc8d65b000 	C:\WINDOWS\SYSTEM32\kernel.appcore.dll
0x00007ffc754b0000 - 0x00007ffc754ba000 	C:\Program Files\Java\jdk-17\bin\jimage.dll
0x00007ffc84cb0000 - 0x00007ffc84ef2000 	C:\WINDOWS\SYSTEM32\DBGHELP.DLL
0x00007ffc90590000 - 0x00007ffc90912000 	C:\WINDOWS\System32\combase.dll
0x00007ffc90920000 - 0x00007ffc909f8000 	C:\WINDOWS\System32\OLEAUT32.dll
0x00007ffc79980000 - 0x00007ffc799bb000 	C:\WINDOWS\SYSTEM32\dbgcore.DLL
0x00007ffc8e9a0000 - 0x00007ffc8ea45000 	C:\WINDOWS\System32\bcryptPrimitives.dll
0x00007ffc75480000 - 0x00007ffc754a5000 	C:\Program Files\Java\jdk-17\bin\java.dll

dbghelp: loaded successfully - version: 4.0.5 - missing functions: none
symbol engine: initialized successfully - sym options: 0x614 - pdb path: .;C:\Program Files\Java\jdk-17\bin;C:\WINDOWS\SYSTEM32;C:\Program Files\Avast Software\Avast;C:\WINDOWS\WinSxS\amd64_microsoft.windows.common-controls_6595b64144ccf1df_6.0.26100.8115_none_3e075c82e3354f9c;C:\Program Files\Java\jdk-17\bin\server

VM Arguments:
jvm_args: -Dclassworlds.conf=C:\Program Files\Apache\Maven\apache-maven-3.9.11-bin\apache-maven-3.9.11\bin\m2.conf -Dmaven.home=C:\Program Files\Apache\Maven\apache-maven-3.9.11-bin\apache-maven-3.9.11 -Dlibrary.jansi.path=C:\Program Files\Apache\Maven\apache-maven-3.9.11-bin\apache-maven-3.9.11\lib\jansi-native -Dmaven.multiModuleProjectDirectory=D:\PI_fronteteljmeaa\loan-service 
java_command: org.codehaus.plexus.classworlds.launcher.Launcher -DskipTests package
java_class_path (initial): C:\Program Files\Apache\Maven\apache-maven-3.9.11-bin\apache-maven-3.9.11\boot\plexus-classworlds-2.9.0.jar
Launcher Type: SUN_STANDARD

[Global flags]
     intx CICompilerCount                          = 12                                        {product} {ergonomic}
     uint ConcGCThreads                            = 3                                         {product} {ergonomic}
     uint G1ConcRefinementThreads                  = 13                                        {product} {ergonomic}
   size_t G1HeapRegionSize                         = 2097152                                   {product} {ergonomic}
    uintx GCDrainStackTargetSize                   = 64                                        {product} {ergonomic}
   size_t InitialHeapSize                          = 257949696                                 {product} {ergonomic}
   size_t MarkStackSize                            = 4194304                                   {product} {ergonomic}
   size_t MaxHeapSize                              = 4110417920                                {product} {ergonomic}
   size_t MinHeapDeltaBytes                        = 2097152                                   {product} {ergonomic}
   size_t MinHeapSize                              = 8388608                                   {product} {ergonomic}
    uintx NonNMethodCodeHeapSize                   = 7602480                                {pd product} {ergonomic}
    uintx NonProfiledCodeHeapSize                  = 122027880                              {pd product} {ergonomic}
    uintx ProfiledCodeHeapSize                     = 122027880                              {pd product} {ergonomic}
    uintx ReservedCodeCacheSize                    = 251658240                              {pd product} {ergonomic}
     bool SegmentedCodeCache                       = true                                      {product} {ergonomic}
   size_t SoftMaxHeapSize                          = 4110417920                             {manageable} {ergonomic}
     bool UseCompressedClassPointers               = true                           {product lp64_product} {ergonomic}
     bool UseCompressedOops                        = true                           {product lp64_product} {ergonomic}
     bool UseG1GC                                  = true                                      {product} {ergonomic}
     bool UseLargePagesIndividualAllocation        = false                                  {pd product} {ergonomic}

Logging:
Log output configuration:
 #0: stdout all=warning uptime,level,tags
 #1: stderr all=off uptime,level,tags

Environment Variables:
JAVA_HOME=C:\Program Files\Java\jdk-17
PATH=c:\Users\emine\AppData\Local\Programs\cursor\resources\app\resources\helpers;C:\Program Files (x86)\VMware\VMware Workstation\bin\;C:\Program Files\Common Files\Oracle\Java\javapath;C:\oraclexe\app\oracle\product\11.2.0\server\bin;C:\WINDOWS\system32;C:\WINDOWS;C:\WINDOWS\System32\Wbem;C:\WINDOWS\System32\WindowsPowerShell\v1.0\;C:\WINDOWS\System32\OpenSSH\;C:\Program Files (x86)\NVIDIA Corporation\PhysX\Common;C:\Program Files\NVIDIA Corporation\NVIDIA NvDLISR;C:\Program Files\Git\cmd;C:\Program Files\nodejs\;C:\Program Files\TortoiseSVN\bin;C:\Program Files\Microsoft SQL Server\150\Tools\Binn\;C:\Program Files\Microsoft SQL Server\Client SDK\ODBC\170\Tools\Binn\;C:\Program Files (x86)\Microsoft SQL Server\150\Tools\Binn\;C:\Program Files\Microsoft SQL Server\150\DTS\Binn\;C:\Program Files (x86)\Microsoft SQL Server\160\DTS\Binn\;C:\Program Files\Azure Data Studio\bin;C:\Program Files\Vagrant\bin;C:\Program Files\dotnet\;C:\Program Files\Apache\Maven\apache-maven-3.9.11-bin\apache-maven-3.9.11\bin;C:\Program Files\Java\jdk-17\bin;C:\Users\emine\AppData\Local\Microsoft\WindowsApps;C:\Users\emine\AppData\Local\Programs\Microsoft VS Code\bin;C:\Program Files\JetBrains\IntelliJ IDEA 2024.3.2\bin;;C:\Users\emine\AppData\Local\Microsoft\WinGet\Packages\Schniz.fnm_Microsoft.Winget.Source_8wekyb3d8bbwe;C:\Users\emine\AppData\Roaming\npm;C:\Program Files\Azure Data Studio\bin;C:\Users\emine\.dotnet\tools;C:\Program Files\Apache\Maven\apache-maven-3.9.11-bin\bin;C:\Users\emine\AppData\Local\PowerToys\DSCModules\;C:\Users\emine\AppData\Local\Programs\Antigravity\bin;C:\Users\emine\AppData\Local\Programs\cursor\resources\app\bin;C:\Users\achec\.local\bin;C:\Users\emine\.local\bin
USERNAME=emine
OS=Windows_NT
PROCESSOR_IDENTIFIER=AMD64 Family 25 Model 68 Stepping 1, AuthenticAMD



---------------  S Y S T E M  ---------------

OS:
 Windows 11 , 64 bit Build 26100 (10.0.26100.8246)
OS uptime: 7 days 9:34 hours
Hyper-V role detected

CPU: total 16 (initial active 16) (16 cores per cpu, 2 threads per core) family 25 model 68 stepping 1 microcode 0xa40410a, cx8, cmov, fxsr, ht, mmx, 3dnowpref, sse, sse2, sse3, ssse3, sse4a, sse4.1, sse4.2, popcnt, lzcnt, tsc, tscinvbit, avx, avx2, aes, erms, clmul, bmi1, bmi2, adx, sha, fma, vzeroupper, clflush, clflushopt, hv

Memory: 4k page, system-wide physical 15676M (24M free)
TotalPageFile size 62780M (AvailPageFile size 5M)
current process WorkingSet (physical memory assigned to process): 12M, peak: 12M
current process commit charge ("private bytes"): 71M, peak: 317M

vm_info: Java HotSpot(TM) 64-Bit Server VM (17.0.12+8-LTS-286) for windows-amd64 JRE (17.0.12+8-LTS-286), built on Jun  5 2024 06:46:59 by "mach5one" with MS VC++ 17.6 (VS2022)

END.
